// Jest Snapshot v1, https://goo.gl/fbAQLP

exports[`Render media should render image 1`] = `
<img
  src="http://imgurl.com"
  width="500"
/>
`;

exports[`Render media should render some videos 1`] = `
<video
  controls=""
  src="http://videourl.com"
  style="border-radius: 20px;"
  width="95%"
/>
`;

exports[`Render media should render video 1`] = `
<video
  controls=""
  src="http://videourl.com"
  style="border-radius: 20px;"
  width="95%"
/>
`;
